// Jest Snapshot v1, https://goo.gl/fbAQLP

exports[`Autocomplete initAutocomplete should instantiate an autocomplete 1`] = `
<div
  id="outer-container"
>
  
          
  <input
    id="old-input"
    name="course[accrediting_provider_code]"
    type="hidden"
  />
  
          
  <div
    id="autocomplete-container"
  >
    <div
      aria-expanded="false"
      class="autocomplete__wrapper"
      role="combobox"
    >
      <div
        aria-atomic="true"
        aria-live="polite"
        role="status"
        style="border: 0px; height: 1px; margin-bottom: -1px; margin-right: -1px; overflow: hidden; padding: 0px; position: absolute; white-space: nowrap; width: 1px;"
      >
        Type in 3 or more characters for results.
        <span>
          ,,
        </span>
      </div>
      
      <input
        aria-owns="input__listbox"
        autocomplete="off"
        class="autocomplete__input autocomplete__input--default"
        id="input"
        name=""
        placeholder=""
        role="textbox"
        type="text"
      />
      
      <ul
        class="autocomplete__menu autocomplete__menu--inline autocomplete__menu--hidden"
        id="input__listbox"
        role="listbox"
      >
        
      </ul>
    </div>
  </div>
  
        
</div>
`;
